
  .   ____          _            __ _ _
 /\\ / ___'_ __ _ _(_)_ __  __ _ \ \ \ \
( ( )\___ | '_ | '_| | '_ \/ _` | \ \ \ \
 \\/  ___)| |_)| | | | | || (_| |  ) ) ) )
  '  |____| .__|_| |_|_| |_\__, | / / / /
 =========|_|==============|___/=/_/_/_/

 :: Spring Boot ::                (v3.3.5)

2026-01-07T12:54:25.284+01:00  INFO 50510 --- [gateway-service] [           main] m.e.g.GatewayServiceApplication          : Starting GatewayServiceApplication v1.0.0 using Java 17.0.16 with PID 50510 (/Users/amineouhiba/Desktop/arijBe/projetSpring/gateway-service/target/gateway-service-1.0.0.jar started by amineouhiba in /Users/amineouhiba/Desktop/arijBe/projetSpring/gateway-service)
2026-01-07T12:54:25.285+01:00  INFO 50510 --- [gateway-service] [           main] m.e.g.GatewayServiceApplication          : No active profile set, falling back to 1 default profile: "default"
2026-01-07T12:54:25.899+01:00  INFO 50510 --- [gateway-service] [           main] o.s.cloud.context.scope.GenericScope     : BeanFactory id=fed40faf-3df3-3d29-9d0d-75551e78041a
2026-01-07T12:54:25.942+01:00  WARN 50510 --- [gateway-service] [           main] trationDelegate$BeanPostProcessorChecker : Bean 'org.springframework.cloud.client.loadbalancer.LoadBalancerAutoConfiguration$DeferringLoadBalancerInterceptorConfig' of type [org.springframework.cloud.client.loadbalancer.LoadBalancerAutoConfiguration$DeferringLoadBalancerInterceptorConfig] is not eligible for getting processed by all BeanPostProcessors (for example: not eligible for auto-proxying). The currently created BeanPostProcessor [lbRestClientPostProcessor] is declared through a non-static factory method on that class; consider declaring it as static instead.
2026-01-07T12:54:25.943+01:00  WARN 50510 --- [gateway-service] [           main] trationDelegate$BeanPostProcessorChecker : Bean 'deferringLoadBalancerInterceptor' of type [org.springframework.cloud.client.loadbalancer.DeferringLoadBalancerInterceptor] is not eligible for getting processed by all BeanPostProcessors (for example: not eligible for auto-proxying). Is this bean getting eagerly injected/applied to a currently created BeanPostProcessor [lbRestClientPostProcessor]? Check the corresponding BeanPostProcessor declaration and its dependencies/advisors. If this bean does not have to be post-processed, declare it with ROLE_INFRASTRUCTURE.
2026-01-07T12:54:25.944+01:00  WARN 50510 --- [gateway-service] [           main] trationDelegate$BeanPostProcessorChecker : Bean 'org.springframework.cloud.client.loadbalancer.reactive.LoadBalancerBeanPostProcessorAutoConfiguration' of type [org.springframework.cloud.client.loadbalancer.reactive.LoadBalancerBeanPostProcessorAutoConfiguration] is not eligible for getting processed by all BeanPostProcessors (for example: not eligible for auto-proxying). The currently created BeanPostProcessor [loadBalancerWebClientBuilderBeanPostProcessor] is declared through a non-static factory method on that class; consider declaring it as static instead.
2026-01-07T12:54:25.944+01:00  WARN 50510 --- [gateway-service] [           main] trationDelegate$BeanPostProcessorChecker : Bean 'org.springframework.cloud.client.loadbalancer.reactive.LoadBalancerBeanPostProcessorAutoConfiguration$ReactorDeferringLoadBalancerFilterConfig' of type [org.springframework.cloud.client.loadbalancer.reactive.LoadBalancerBeanPostProcessorAutoConfiguration$ReactorDeferringLoadBalancerFilterConfig] is not eligible for getting processed by all BeanPostProcessors (for example: not eligible for auto-proxying). Is this bean getting eagerly injected/applied to a currently created BeanPostProcessor [loadBalancerWebClientBuilderBeanPostProcessor]? Check the corresponding BeanPostProcessor declaration and its dependencies/advisors. If this bean does not have to be post-processed, declare it with ROLE_INFRASTRUCTURE.
2026-01-07T12:54:25.945+01:00  WARN 50510 --- [gateway-service] [           main] trationDelegate$BeanPostProcessorChecker : Bean 'reactorDeferringLoadBalancerExchangeFilterFunction' of type [org.springframework.cloud.client.loadbalancer.reactive.DeferringLoadBalancerExchangeFilterFunction] is not eligible for getting processed by all BeanPostProcessors (for example: not eligible for auto-proxying). Is this bean getting eagerly injected/applied to a currently created BeanPostProcessor [loadBalancerWebClientBuilderBeanPostProcessor]? Check the corresponding BeanPostProcessor declaration and its dependencies/advisors. If this bean does not have to be post-processed, declare it with ROLE_INFRASTRUCTURE.
2026-01-07T12:54:26.389+01:00  INFO 50510 --- [gateway-service] [           main] o.s.c.g.r.RouteDefinitionRouteLocator    : Loaded RoutePredicateFactory [After]
2026-01-07T12:54:26.389+01:00  INFO 50510 --- [gateway-service] [           main] o.s.c.g.r.RouteDefinitionRouteLocator    : Loaded RoutePredicateFactory [Before]
2026-01-07T12:54:26.389+01:00  INFO 50510 --- [gateway-service] [           main] o.s.c.g.r.RouteDefinitionRouteLocator    : Loaded RoutePredicateFactory [Between]
2026-01-07T12:54:26.389+01:00  INFO 50510 --- [gateway-service] [           main] o.s.c.g.r.RouteDefinitionRouteLocator    : Loaded RoutePredicateFactory [Cookie]
2026-01-07T12:54:26.389+01:00  INFO 50510 --- [gateway-service] [           main] o.s.c.g.r.RouteDefinitionRouteLocator    : Loaded RoutePredicateFactory [Header]
2026-01-07T12:54:26.389+01:00  INFO 50510 --- [gateway-service] [           main] o.s.c.g.r.RouteDefinitionRouteLocator    : Loaded RoutePredicateFactory [Host]
2026-01-07T12:54:26.389+01:00  INFO 50510 --- [gateway-service] [           main] o.s.c.g.r.RouteDefinitionRouteLocator    : Loaded RoutePredicateFactory [Method]
2026-01-07T12:54:26.389+01:00  INFO 50510 --- [gateway-service] [           main] o.s.c.g.r.RouteDefinitionRouteLocator    : Loaded RoutePredicateFactory [Path]
2026-01-07T12:54:26.389+01:00  INFO 50510 --- [gateway-service] [           main] o.s.c.g.r.RouteDefinitionRouteLocator    : Loaded RoutePredicateFactory [Query]
2026-01-07T12:54:26.389+01:00  INFO 50510 --- [gateway-service] [           main] o.s.c.g.r.RouteDefinitionRouteLocator    : Loaded RoutePredicateFactory [ReadBody]
2026-01-07T12:54:26.389+01:00  INFO 50510 --- [gateway-service] [           main] o.s.c.g.r.RouteDefinitionRouteLocator    : Loaded RoutePredicateFactory [RemoteAddr]
2026-01-07T12:54:26.389+01:00  INFO 50510 --- [gateway-service] [           main] o.s.c.g.r.RouteDefinitionRouteLocator    : Loaded RoutePredicateFactory [XForwardedRemoteAddr]
2026-01-07T12:54:26.389+01:00  INFO 50510 --- [gateway-service] [           main] o.s.c.g.r.RouteDefinitionRouteLocator    : Loaded RoutePredicateFactory [Weight]
2026-01-07T12:54:26.389+01:00  INFO 50510 --- [gateway-service] [           main] o.s.c.g.r.RouteDefinitionRouteLocator    : Loaded RoutePredicateFactory [CloudFoundryRouteService]
2026-01-07T12:54:26.504+01:00  INFO 50510 --- [gateway-service] [           main] DiscoveryClientOptionalArgsConfiguration : Eureka HTTP Client uses RestTemplate.
2026-01-07T12:54:26.518+01:00  WARN 50510 --- [gateway-service] [           main] iguration$LoadBalancerCaffeineWarnLogger : Spring Cloud LoadBalancer is currently working with the default cache. While this cache implementation is useful for development and tests, it's recommended to use Caffeine cache in production.You can switch to using Caffeine cache, by adding it and org.springframework.cache.caffeine.CaffeineCacheManager to the classpath.
2026-01-07T12:54:26.554+01:00  INFO 50510 --- [gateway-service] [           main] o.s.c.n.eureka.InstanceInfoFactory       : Setting initial instance status as: STARTING
2026-01-07T12:54:26.582+01:00  INFO 50510 --- [gateway-service] [           main] com.netflix.discovery.DiscoveryClient    : Initializing Eureka in region us-east-1
2026-01-07T12:54:26.584+01:00  INFO 50510 --- [gateway-service] [           main] c.n.d.s.r.aws.ConfigClusterResolver      : Resolving eureka endpoints via configuration
2026-01-07T12:54:26.592+01:00  INFO 50510 --- [gateway-service] [           main] com.netflix.discovery.DiscoveryClient    : Disable delta property : false
2026-01-07T12:54:26.592+01:00  INFO 50510 --- [gateway-service] [           main] com.netflix.discovery.DiscoveryClient    : Single vip registry refresh property : null
2026-01-07T12:54:26.592+01:00  INFO 50510 --- [gateway-service] [           main] com.netflix.discovery.DiscoveryClient    : Force full registry fetch : false
2026-01-07T12:54:26.592+01:00  INFO 50510 --- [gateway-service] [           main] com.netflix.discovery.DiscoveryClient    : Application is null : false
2026-01-07T12:54:26.592+01:00  INFO 50510 --- [gateway-service] [           main] com.netflix.discovery.DiscoveryClient    : Registered Applications size is zero : true
2026-01-07T12:54:26.592+01:00  INFO 50510 --- [gateway-service] [           main] com.netflix.discovery.DiscoveryClient    : Application version is -1: true
2026-01-07T12:54:26.592+01:00  INFO 50510 --- [gateway-service] [           main] com.netflix.discovery.DiscoveryClient    : Getting all instance registry info from the eureka server
2026-01-07T12:54:26.819+01:00  INFO 50510 --- [gateway-service] [           main] com.netflix.discovery.DiscoveryClient    : The response status is 200
2026-01-07T12:54:26.819+01:00  INFO 50510 --- [gateway-service] [           main] com.netflix.discovery.DiscoveryClient    : Starting heartbeat executor: renew interval is: 30
2026-01-07T12:54:26.820+01:00  INFO 50510 --- [gateway-service] [           main] c.n.discovery.InstanceInfoReplicator     : InstanceInfoReplicator onDemand update allowed rate per min is 4
2026-01-07T12:54:26.821+01:00  INFO 50510 --- [gateway-service] [           main] com.netflix.discovery.DiscoveryClient    : Discovery Client initialized at timestamp 1767786866821 with initial instances count: 0
2026-01-07T12:54:26.823+01:00  INFO 50510 --- [gateway-service] [           main] o.s.c.n.e.s.EurekaServiceRegistry        : Registering application GATEWAY-SERVICE with eureka with status UP
2026-01-07T12:54:26.823+01:00  INFO 50510 --- [gateway-service] [           main] com.netflix.discovery.DiscoveryClient    : Saw local status change event StatusChangeEvent [timestamp=1767786866823, current=UP, previous=STARTING]
2026-01-07T12:54:26.824+01:00  INFO 50510 --- [gateway-service] [foReplicator-%d] com.netflix.discovery.DiscoveryClient    : DiscoveryClient_GATEWAY-SERVICE/10.99.4.78:gateway-service:8888: registering service...
2026-01-07T12:54:26.862+01:00  INFO 50510 --- [gateway-service] [foReplicator-%d] com.netflix.discovery.DiscoveryClient    : DiscoveryClient_GATEWAY-SERVICE/10.99.4.78:gateway-service:8888 - registration status: 204
2026-01-07T12:54:26.924+01:00  INFO 50510 --- [gateway-service] [           main] o.s.b.web.embedded.netty.NettyWebServer  : Netty started on port 8888 (http)
2026-01-07T12:54:26.924+01:00  INFO 50510 --- [gateway-service] [           main] .s.c.n.e.s.EurekaAutoServiceRegistration : Updating port to 8888
2026-01-07T12:54:26.944+01:00  INFO 50510 --- [gateway-service] [           main] m.e.g.GatewayServiceApplication          : Started GatewayServiceApplication in 2.034 seconds (process running for 2.426)
2026-01-07T12:54:56.824+01:00  INFO 50510 --- [gateway-service] [reshExecutor-%d] com.netflix.discovery.DiscoveryClient    : Disable delta property : false
2026-01-07T12:54:56.833+01:00  INFO 50510 --- [gateway-service] [reshExecutor-%d] com.netflix.discovery.DiscoveryClient    : Single vip registry refresh property : null
2026-01-07T12:54:56.833+01:00  INFO 50510 --- [gateway-service] [reshExecutor-%d] com.netflix.discovery.DiscoveryClient    : Force full registry fetch : false
2026-01-07T12:54:56.833+01:00  INFO 50510 --- [gateway-service] [reshExecutor-%d] com.netflix.discovery.DiscoveryClient    : Application is null : false
2026-01-07T12:54:56.833+01:00  INFO 50510 --- [gateway-service] [reshExecutor-%d] com.netflix.discovery.DiscoveryClient    : Registered Applications size is zero : true
2026-01-07T12:54:56.834+01:00  INFO 50510 --- [gateway-service] [reshExecutor-%d] com.netflix.discovery.DiscoveryClient    : Application version is -1: false
2026-01-07T12:54:56.834+01:00  INFO 50510 --- [gateway-service] [reshExecutor-%d] com.netflix.discovery.DiscoveryClient    : Getting all instance registry info from the eureka server
2026-01-07T12:54:56.857+01:00  INFO 50510 --- [gateway-service] [reshExecutor-%d] com.netflix.discovery.DiscoveryClient    : The response status is 200
2026-01-07T12:59:26.594+01:00  INFO 50510 --- [gateway-service] [rap-executor-%d] c.n.d.s.r.aws.ConfigClusterResolver      : Resolving eureka endpoints via configuration
2026-01-07T13:03:45.426+01:00 ERROR 50510 --- [gateway-service] [ctor-http-nio-3] i.n.r.d.DnsServerAddressStreamProviders  : Unable to load io.netty.resolver.dns.macos.MacOSDnsServerAddressStreamProvider, fallback to system defaults. This may result in incorrect DNS resolutions on MacOS. Check whether you have a dependency on 'io.netty:netty-resolver-dns-native-macos'. Use DEBUG level to see the full stack: java.lang.UnsatisfiedLinkError: failed to load the required native library
2026-01-07T13:04:26.602+01:00  INFO 50510 --- [gateway-service] [rap-executor-%d] c.n.d.s.r.aws.ConfigClusterResolver      : Resolving eureka endpoints via configuration
2026-01-07T13:09:26.605+01:00  INFO 50510 --- [gateway-service] [rap-executor-%d] c.n.d.s.r.aws.ConfigClusterResolver      : Resolving eureka endpoints via configuration
2026-01-07T13:14:26.651+01:00  INFO 50510 --- [gateway-service] [rap-executor-%d] c.n.d.s.r.aws.ConfigClusterResolver      : Resolving eureka endpoints via configuration
2026-01-07T13:19:26.656+01:00  INFO 50510 --- [gateway-service] [rap-executor-%d] c.n.d.s.r.aws.ConfigClusterResolver      : Resolving eureka endpoints via configuration
2026-01-07T13:24:26.666+01:00  INFO 50510 --- [gateway-service] [rap-executor-%d] c.n.d.s.r.aws.ConfigClusterResolver      : Resolving eureka endpoints via configuration
2026-01-07T14:27:41.201+01:00  INFO 50510 --- [gateway-service] [rap-executor-%d] c.n.d.s.r.aws.ConfigClusterResolver      : Resolving eureka endpoints via configuration
2026-01-07T14:52:16.962+01:00  INFO 50510 --- [gateway-service] [rap-executor-%d] c.n.d.s.r.aws.ConfigClusterResolver      : Resolving eureka endpoints via configuration
